// Jest Snapshot v1, https://goo.gl/fbAQLP

exports[`compares button snapshot 1`] = `
<div>
  <button
    className="Button"
    onClick={[MockFunction]}
  />
</div>
`;
